[debug] [2026-02-10T05:42:33.895Z] ----------------------------------------------------------------------
[debug] [2026-02-10T05:42:33.897Z] Command:       C:\Program Files\nodejs\node.exe C:\Users\Saulero\AppData\Roaming\npm\node_modules\firebase-tools\lib\bin\firebase.js deploy --only functions
[debug] [2026-02-10T05:42:33.897Z] CLI Version:   15.5.1
[debug] [2026-02-10T05:42:33.897Z] Platform:      win32
[debug] [2026-02-10T05:42:33.897Z] Node Version:  v25.2.0
[debug] [2026-02-10T05:42:33.897Z] Time:          Tue Feb 10 2026 02:42:33 GMT-0300 (Horário Padrão de Brasília)
[debug] [2026-02-10T05:42:33.897Z] ----------------------------------------------------------------------
[debug] 
[debug] [2026-02-10T05:42:35.390Z] > command requires scopes: ["email","openid","https://www.googleapis.com/auth/cloudplatformprojects.readonly","https://www.googleapis.com/auth/firebase","https://www.googleapis.com/auth/cloud-platform"]
[debug] [2026-02-10T05:42:35.390Z] > authorizing via signed-in user (cifraprox@gmail.com)
[debug] [2026-02-10T05:42:35.390Z] [iam] checking project cifraprox-270126 for permissions ["cloudfunctions.functions.create","cloudfunctions.functions.delete","cloudfunctions.functions.get","cloudfunctions.functions.list","cloudfunctions.functions.update","cloudfunctions.operations.get","firebase.projects.get"]
[debug] [2026-02-10T05:42:35.391Z] Checked if tokens are valid: true, expires at: 1770704990266
[debug] [2026-02-10T05:42:35.391Z] Checked if tokens are valid: true, expires at: 1770704990266
[debug] [2026-02-10T05:42:35.392Z] >>> [apiv2][query] POST https://cloudresourcemanager.googleapis.com/v1/projects/cifraprox-270126:testIamPermissions [none]
[debug] [2026-02-10T05:42:35.392Z] >>> [apiv2][(partial)header] POST https://cloudresourcemanager.googleapis.com/v1/projects/cifraprox-270126:testIamPermissions  x-goog-user-project=cifraprox-270126
[debug] [2026-02-10T05:42:35.392Z] >>> [apiv2][body] POST https://cloudresourcemanager.googleapis.com/v1/projects/cifraprox-270126:testIamPermissions {"permissions":["cloudfunctions.functions.create","cloudfunctions.functions.delete","cloudfunctions.functions.get","cloudfunctions.functions.list","cloudfunctions.functions.update","cloudfunctions.operations.get","firebase.projects.get"]}
[debug] [2026-02-10T05:42:36.273Z] <<< [apiv2][status] POST https://cloudresourcemanager.googleapis.com/v1/projects/cifraprox-270126:testIamPermissions 200
[debug] [2026-02-10T05:42:36.273Z] <<< [apiv2][body] POST https://cloudresourcemanager.googleapis.com/v1/projects/cifraprox-270126:testIamPermissions {"permissions":["cloudfunctions.functions.create","cloudfunctions.functions.delete","cloudfunctions.functions.get","cloudfunctions.functions.list","cloudfunctions.functions.update","cloudfunctions.operations.get","firebase.projects.get"]}
[debug] [2026-02-10T05:42:36.274Z] Checked if tokens are valid: true, expires at: 1770704990266
[debug] [2026-02-10T05:42:36.274Z] Checked if tokens are valid: true, expires at: 1770704990266
[debug] [2026-02-10T05:42:36.274Z] >>> [apiv2][query] POST https://iam.googleapis.com/v1/projects/cifraprox-270126/serviceAccounts/cifraprox-270126@appspot.gserviceaccount.com:testIamPermissions [none]
[debug] [2026-02-10T05:42:36.274Z] >>> [apiv2][body] POST https://iam.googleapis.com/v1/projects/cifraprox-270126/serviceAccounts/cifraprox-270126@appspot.gserviceaccount.com:testIamPermissions {"permissions":["iam.serviceAccounts.actAs"]}
[debug] [2026-02-10T05:42:37.184Z] <<< [apiv2][status] POST https://iam.googleapis.com/v1/projects/cifraprox-270126/serviceAccounts/cifraprox-270126@appspot.gserviceaccount.com:testIamPermissions 200
[debug] [2026-02-10T05:42:37.184Z] <<< [apiv2][body] POST https://iam.googleapis.com/v1/projects/cifraprox-270126/serviceAccounts/cifraprox-270126@appspot.gserviceaccount.com:testIamPermissions {"permissions":["iam.serviceAccounts.actAs"]}
[info] 
[info] === Deploying to 'cifraprox-270126'...
[info] 
[info] i  deploying functions 
[debug] [2026-02-10T05:42:37.188Z] Checked if tokens are valid: true, expires at: 1770704990266
[debug] [2026-02-10T05:42:37.188Z] Checked if tokens are valid: true, expires at: 1770704990266
[debug] [2026-02-10T05:42:37.188Z] >>> [apiv2][query] GET https://cloudresourcemanager.googleapis.com/v1/projects/cifraprox-270126 [none]
[debug] [2026-02-10T05:42:37.393Z] <<< [apiv2][status] GET https://cloudresourcemanager.googleapis.com/v1/projects/cifraprox-270126 200
[debug] [2026-02-10T05:42:37.393Z] <<< [apiv2][body] GET https://cloudresourcemanager.googleapis.com/v1/projects/cifraprox-270126 {"projectNumber":"901280078984","projectId":"cifraprox-270126","lifecycleState":"ACTIVE","name":"CifraProX","labels":{"firebase":"enabled","firebase-core":"disabled"},"createTime":"2026-01-27T14:47:02.751570Z"}
[info] i  functions: preparing codebase default for deployment 
[info] i  functions: ensuring required API cloudfunctions.googleapis.com is enabled... 
[info] i  functions: ensuring required API cloudbuild.googleapis.com is enabled... 
[info] i  artifactregistry: ensuring required API artifactregistry.googleapis.com is enabled... 
[debug] [2026-02-10T05:42:37.395Z] Checked if tokens are valid: true, expires at: 1770704990266
[debug] [2026-02-10T05:42:37.395Z] Checked if tokens are valid: true, expires at: 1770704990266
[debug] [2026-02-10T05:42:37.395Z] >>> [apiv2][query] GET https://firebase.googleapis.com/v1beta1/projects/cifraprox-270126/adminSdkConfig [none]
[debug] [2026-02-10T05:42:37.843Z] <<< [apiv2][status] GET https://firebase.googleapis.com/v1beta1/projects/cifraprox-270126/adminSdkConfig 200
[debug] [2026-02-10T05:42:37.843Z] <<< [apiv2][body] GET https://firebase.googleapis.com/v1beta1/projects/cifraprox-270126/adminSdkConfig {"projectId":"cifraprox-270126","databaseURL":"https://cifraprox-270126-default-rtdb.firebaseio.com","storageBucket":"cifraprox-270126.firebasestorage.app"}
[debug] [2026-02-10T05:42:37.843Z] Checked if tokens are valid: true, expires at: 1770704990266
[debug] [2026-02-10T05:42:37.844Z] Checked if tokens are valid: true, expires at: 1770704990266
[debug] [2026-02-10T05:42:37.844Z] >>> [apiv2][query] GET https://runtimeconfig.googleapis.com/v1beta1/projects/cifraprox-270126/configs [none]
[debug] [2026-02-10T05:42:38.350Z] <<< [apiv2][status] GET https://runtimeconfig.googleapis.com/v1beta1/projects/cifraprox-270126/configs 200
[debug] [2026-02-10T05:42:38.350Z] <<< [apiv2][body] GET https://runtimeconfig.googleapis.com/v1beta1/projects/cifraprox-270126/configs {}
[debug] [2026-02-10T05:42:38.351Z] Validating nodejs source
[warn] !  functions: package.json indicates an outdated version of firebase-functions. Please upgrade using npm install --save firebase-functions@latest in your functions directory. 
[warn] !  functions: Please note that there will be breaking changes when you upgrade. 
[debug] [2026-02-10T05:42:39.363Z] > [functions] package.json contents: {
  "name": "functions",
  "description": "Cloud Functions for CifraProX",
  "scripts": {
    "serve": "firebase emulators:start --only functions",
    "shell": "firebase functions:shell",
    "start": "npm run shell",
    "deploy": "firebase deploy --only functions",
    "logs": "firebase functions:log"
  },
  "engines": {
    "node": "22"
  },
  "main": "index.js",
  "dependencies": {
    "firebase-admin": "^11.8.0",
    "firebase-functions": "^4.3.1",
    "express": "^4.18.2",
    "cors": "^2.8.5"
  },
  "private": true
}
[debug] [2026-02-10T05:42:39.363Z] Building nodejs source
[info] i  functions: Loading and analyzing source code for codebase default to determine what to deploy 
[info] i  functions: You are using a version of firebase-functions SDK (4.9.0) that does not have support for the newest Firebase Extensions features. Please update firebase-functions SDK to >=5.1.0 to use them correctly 
[debug] [2026-02-10T05:42:39.364Z] Could not find functions.yaml. Must use http discovery
[debug] [2026-02-10T05:42:39.377Z] Found firebase-functions binary at 'C:\Users\Saulero\Desktop\Cifraprox\functions\node_modules\.bin\firebase-functions'
[info] Serving at port 8994

[debug] [2026-02-10T05:42:39.918Z] Got response from /__/functions.yaml {"endpoints":{"app":{"platform":"gcfv1","availableMemoryMb":null,"timeoutSeconds":null,"minInstances":null,"maxInstances":null,"ingressSettings":null,"serviceAccountEmail":null,"vpc":null,"httpsTrigger":{},"entryPoint":"app"}},"specVersion":"v1alpha1","requiredAPIs":[]}
[info] i  functions: preparing functions directory for uploading... 
[info] i  functions: packaged C:\Users\Saulero\Desktop\Cifraprox\functions (38.68 KB) for uploading 
[debug] [2026-02-10T05:42:44.001Z] Checked if tokens are valid: true, expires at: 1770704990266
[debug] [2026-02-10T05:42:44.001Z] Checked if tokens are valid: true, expires at: 1770704990266
[debug] [2026-02-10T05:42:44.001Z] >>> [apiv2][query] GET https://cloudfunctions.googleapis.com/v1/projects/cifraprox-270126/locations/-/functions [none]
[debug] [2026-02-10T05:42:45.001Z] <<< [apiv2][status] GET https://cloudfunctions.googleapis.com/v1/projects/cifraprox-270126/locations/-/functions 200
[debug] [2026-02-10T05:42:45.001Z] <<< [apiv2][body] GET https://cloudfunctions.googleapis.com/v1/projects/cifraprox-270126/locations/-/functions {"functions":[{"name":"projects/cifraprox-270126/locations/us-central1/functions/app","httpsTrigger":{"url":"https://us-central1-cifraprox-270126.cloudfunctions.net/app","securityLevel":"SECURE_ALWAYS"},"status":"OFFLINE","entryPoint":"app","timeout":"60s","availableMemoryMb":256,"serviceAccountEmail":"cifraprox-270126@appspot.gserviceaccount.com","updateTime":"2026-02-10T05:39:49.895795265Z","versionId":"1","labels":{"deployment-tool":"cli-firebase","firebase-functions-hash":"2cecc36905567900529b6b816bb8d5f4d67e0abb"},"sourceUploadUrl":"https://storage.googleapis.com/uploads-819692462994.us-central1.cloudfunctions.appspot.com/cf93b37c-9717-4379-b271-eee24e8d9e2a.zip","environmentVariables":{"FIREBASE_CONFIG":"{\"projectId\":\"cifraprox-270126\",\"databaseURL\":\"https://cifraprox-270126-default-rtdb.firebaseio.com\",\"storageBucket\":\"cifraprox-270126.firebasestorage.app\"}","GCLOUD_PROJECT":"cifraprox-270126","EVENTARC_CLOUD_EVENT_SOURCE":"projects/cifraprox-270126/locations/us-central1/functions/app"},"runtime":"nodejs22","ingressSettings":"ALLOW_ALL","buildId":"c7aa05d2-0580-48c9-87d9-c7c4428ca909","buildEnvironmentVariables":{"GOOGLE_NODE_RUN_SCRIPTS":""},"buildName":"projects/901280078984/locations/us-central1/builds/c7aa05d2-0580-48c9-87d9-c7c4428ca909","dockerRegistry":"ARTIFACT_REGISTRY","automaticUpdatePolicy":{},"buildServiceAccount":"projects/cifraprox-270126/serviceAccounts/901280078984-compute@developer.gserviceaccount.com","satisfiesPzi":true}]}
[debug] [2026-02-10T05:42:45.002Z] Checked if tokens are valid: true, expires at: 1770704990266
[debug] [2026-02-10T05:42:45.002Z] Checked if tokens are valid: true, expires at: 1770704990266
[debug] [2026-02-10T05:42:45.002Z] >>> [apiv2][query] GET https://cloudfunctions.googleapis.com/v2/projects/cifraprox-270126/locations/-/functions filter=environment%3D%22GEN_2%22
[debug] [2026-02-10T05:42:46.473Z] <<< [apiv2][status] GET https://cloudfunctions.googleapis.com/v2/projects/cifraprox-270126/locations/-/functions 200
[debug] [2026-02-10T05:42:46.473Z] <<< [apiv2][body] GET https://cloudfunctions.googleapis.com/v2/projects/cifraprox-270126/locations/-/functions {}
[debug] [2026-02-10T05:42:46.478Z] Checked if tokens are valid: true, expires at: 1770704990266
[debug] [2026-02-10T05:42:46.478Z] Checked if tokens are valid: true, expires at: 1770704990266
[debug] [2026-02-10T05:42:46.478Z] >>> [apiv2][query] GET https://cloudresourcemanager.googleapis.com/v1/projects/cifraprox-270126 [none]
[debug] [2026-02-10T05:42:47.345Z] <<< [apiv2][status] GET https://cloudresourcemanager.googleapis.com/v1/projects/cifraprox-270126 200
[debug] [2026-02-10T05:42:47.345Z] <<< [apiv2][body] GET https://cloudresourcemanager.googleapis.com/v1/projects/cifraprox-270126 {"projectNumber":"901280078984","projectId":"cifraprox-270126","lifecycleState":"ACTIVE","name":"CifraProX","labels":{"firebase":"enabled","firebase-core":"disabled"},"createTime":"2026-01-27T14:47:02.751570Z"}
[debug] [2026-02-10T05:42:47.347Z] Checked if tokens are valid: true, expires at: 1770704990266
[debug] [2026-02-10T05:42:47.347Z] Checked if tokens are valid: true, expires at: 1770704990266
[debug] [2026-02-10T05:42:47.347Z] >>> [apiv2][query] POST https://cloudfunctions.googleapis.com/v1/projects/cifraprox-270126/locations/us-central1/functions:generateUploadUrl [none]
[debug] [2026-02-10T05:42:47.347Z] >>> [apiv2][body] POST https://cloudfunctions.googleapis.com/v1/projects/cifraprox-270126/locations/us-central1/functions:generateUploadUrl {}
[debug] [2026-02-10T05:42:48.327Z] <<< [apiv2][status] POST https://cloudfunctions.googleapis.com/v1/projects/cifraprox-270126/locations/us-central1/functions:generateUploadUrl 200
[debug] [2026-02-10T05:42:48.328Z] <<< [apiv2][body] POST https://cloudfunctions.googleapis.com/v1/projects/cifraprox-270126/locations/us-central1/functions:generateUploadUrl {"uploadUrl":"https://storage.googleapis.com/uploads-819692462994.us-central1.cloudfunctions.appspot.com/3511391c-8704-4660-8c70-4ce72d704a29.zip?GoogleAccessId=service-901280078984@gcf-admin-robot.iam.gserviceaccount.com&Expires=1770703971&Signature=CnTQzOw7Ckex%2FyJ6rwL7uZz0lW3s1Fy2nXw2TNLws%2FyfYiFxYD8fNnNmvOMk%2BbXmEbz6LX5nQAK3oL446ZrsFqflimDNMr1Kd4qbXSrPM8FxyFG%2F%2BrjfxMc8dn43LYE2R%2Fp4A6PYCA8K%2BasG6miamD8G%2FdBXmHOWPryGRom1r9R3JZCqOHvdwlbnV1B5A5Xxmyrb4hFaK6VijZ4dh%2FiuG14A%2B%2BWcl%2FB9FuoDZnxUv564JkR0On78KaY2QBQXem2wx%2BlWez5xYL5oFfP5s0YlQQca6XBHuoWTiDll7yDLU2OLpO%2B8s22P5wuzXiieNPPVA3jH5e6S9pSfvLdE2jHHCg%3D%3D"}
[debug] [2026-02-10T05:42:48.328Z] >>> [apiv2][query] PUT https://storage.googleapis.com/uploads-819692462994.us-central1.cloudfunctions.appspot.com/3511391c-8704-4660-8c70-4ce72d704a29.zip GoogleAccessId=service-901280078984%40gcf-admin-robot.iam.gserviceaccount.com&Expires=1770703971&Signature=CnTQzOw7Ckex%2FyJ6rwL7uZz0lW3s1Fy2nXw2TNLws%2FyfYiFxYD8fNnNmvOMk%2BbXmEbz6LX5nQAK3oL446ZrsFqflimDNMr1Kd4qbXSrPM8FxyFG%2F%2BrjfxMc8dn43LYE2R%2Fp4A6PYCA8K%2BasG6miamD8G%2FdBXmHOWPryGRom1r9R3JZCqOHvdwlbnV1B5A5Xxmyrb4hFaK6VijZ4dh%2FiuG14A%2B%2BWcl%2FB9FuoDZnxUv564JkR0On78KaY2QBQXem2wx%2BlWez5xYL5oFfP5s0YlQQca6XBHuoWTiDll7yDLU2OLpO%2B8s22P5wuzXiieNPPVA3jH5e6S9pSfvLdE2jHHCg%3D%3D
[debug] [2026-02-10T05:42:48.328Z] >>> [apiv2][body] PUT https://storage.googleapis.com/uploads-819692462994.us-central1.cloudfunctions.appspot.com/3511391c-8704-4660-8c70-4ce72d704a29.zip [stream]
[debug] [2026-02-10T05:42:48.842Z] <<< [apiv2][status] PUT https://storage.googleapis.com/uploads-819692462994.us-central1.cloudfunctions.appspot.com/3511391c-8704-4660-8c70-4ce72d704a29.zip 200
[debug] [2026-02-10T05:42:48.842Z] <<< [apiv2][body] PUT https://storage.googleapis.com/uploads-819692462994.us-central1.cloudfunctions.appspot.com/3511391c-8704-4660-8c70-4ce72d704a29.zip [omitted]
[info] +  functions: functions source uploaded successfully 
[info] i  functions: updating Node.js 22 (1st Gen) function app(us-central1)... 
[debug] [2026-02-10T05:42:48.846Z] Checked if tokens are valid: true, expires at: 1770704990266
[debug] [2026-02-10T05:42:48.846Z] Checked if tokens are valid: true, expires at: 1770704990266
[debug] [2026-02-10T05:42:48.846Z] >>> [apiv2][query] PATCH https://cloudfunctions.googleapis.com/v1/projects/cifraprox-270126/locations/us-central1/functions/app updateMask=name%2CsourceUploadUrl%2CentryPoint%2Cruntime%2CdockerRegistry%2Clabels%2ChttpsTrigger.securityLevel%2CminInstances%2CmaxInstances%2CingressSettings%2CenvironmentVariables%2CserviceAccountEmail%2CavailableMemoryMb%2Ctimeout%2CvpcConnector%2CvpcConnectorEgressSettings%2CsourceToken%2CbuildEnvironmentVariables
[debug] [2026-02-10T05:42:48.846Z] >>> [apiv2][body] PATCH https://cloudfunctions.googleapis.com/v1/projects/cifraprox-270126/locations/us-central1/functions/app {"name":"projects/cifraprox-270126/locations/us-central1/functions/app","sourceUploadUrl":"https://storage.googleapis.com/uploads-819692462994.us-central1.cloudfunctions.appspot.com/3511391c-8704-4660-8c70-4ce72d704a29.zip?GoogleAccessId=service-901280078984@gcf-admin-robot.iam.gserviceaccount.com&Expires=1770703971&Signature=CnTQzOw7Ckex%2FyJ6rwL7uZz0lW3s1Fy2nXw2TNLws%2FyfYiFxYD8fNnNmvOMk%2BbXmEbz6LX5nQAK3oL446ZrsFqflimDNMr1Kd4qbXSrPM8FxyFG%2F%2BrjfxMc8dn43LYE2R%2Fp4A6PYCA8K%2BasG6miamD8G%2FdBXmHOWPryGRom1r9R3JZCqOHvdwlbnV1B5A5Xxmyrb4hFaK6VijZ4dh%2FiuG14A%2B%2BWcl%2FB9FuoDZnxUv564JkR0On78KaY2QBQXem2wx%2BlWez5xYL5oFfP5s0YlQQca6XBHuoWTiDll7yDLU2OLpO%2B8s22P5wuzXiieNPPVA3jH5e6S9pSfvLdE2jHHCg%3D%3D","entryPoint":"app","runtime":"nodejs22","dockerRegistry":"ARTIFACT_REGISTRY","labels":{"deployment-tool":"cli-firebase","firebase-functions-hash":"115868b3dec180fec478cd21196b8a90621e5b02"},"httpsTrigger":{"securityLevel":"SECURE_ALWAYS"},"minInstances":null,"maxInstances":null,"ingressSettings":null,"environmentVariables":{"FIREBASE_CONFIG":"{\"projectId\":\"cifraprox-270126\",\"databaseURL\":\"https://cifraprox-270126-default-rtdb.firebaseio.com\",\"storageBucket\":\"cifraprox-270126.firebasestorage.app\"}","GCLOUD_PROJECT":"cifraprox-270126","EVENTARC_CLOUD_EVENT_SOURCE":"projects/cifraprox-270126/locations/us-central1/functions/app"},"serviceAccountEmail":null,"availableMemoryMb":null,"timeout":null,"vpcConnector":null,"vpcConnectorEgressSettings":null,"buildEnvironmentVariables":{"GOOGLE_NODE_RUN_SCRIPTS":""}}
[debug] [2026-02-10T05:42:49.757Z] <<< [apiv2][status] PATCH https://cloudfunctions.googleapis.com/v1/projects/cifraprox-270126/locations/us-central1/functions/app 200
[debug] [2026-02-10T05:42:49.758Z] <<< [apiv2][body] PATCH https://cloudfunctions.googleapis.com/v1/projects/cifraprox-270126/locations/us-central1/functions/app {"name":"operations/Y2lmcmFwcm94LTI3MDEyNi91cy1jZW50cmFsMS9hcHAvSGdXV3I1UmZGR2M","metadata":{"@type":"type.googleapis.com/google.cloud.functions.v1.OperationMetadataV1","target":"projects/cifraprox-270126/locations/us-central1/functions/app","type":"UPDATE_FUNCTION","request":{"@type":"type.googleapis.com/google.cloud.functions.v1.CloudFunction","name":"projects/cifraprox-270126/locations/us-central1/functions/app","httpsTrigger":{"url":"https://us-central1-cifraprox-270126.cloudfunctions.net/app","securityLevel":"SECURE_ALWAYS"},"status":"OFFLINE","entryPoint":"app","updateTime":"2026-02-10T05:39:48.822Z","versionId":"1","labels":{"deployment-tool":"cli-firebase","firebase-functions-hash":"115868b3dec180fec478cd21196b8a90621e5b02"},"sourceUploadUrl":"https://storage.googleapis.com/uploads-819692462994.us-central1.cloudfunctions.appspot.com/3511391c-8704-4660-8c70-4ce72d704a29.zip?GoogleAccessId=service-901280078984@gcf-admin-robot.iam.gserviceaccount.com&Expires=1770703971&Signature=CnTQzOw7Ckex%2FyJ6rwL7uZz0lW3s1Fy2nXw2TNLws%2FyfYiFxYD8fNnNmvOMk%2BbXmEbz6LX5nQAK3oL446ZrsFqflimDNMr1Kd4qbXSrPM8FxyFG%2F%2BrjfxMc8dn43LYE2R%2Fp4A6PYCA8K%2BasG6miamD8G%2FdBXmHOWPryGRom1r9R3JZCqOHvdwlbnV1B5A5Xxmyrb4hFaK6VijZ4dh%2FiuG14A%2B%2BWcl%2FB9FuoDZnxUv564JkR0On78KaY2QBQXem2wx%2BlWez5xYL5oFfP5s0YlQQca6XBHuoWTiDll7yDLU2OLpO%2B8s22P5wuzXiieNPPVA3jH5e6S9pSfvLdE2jHHCg%3D%3D","environmentVariables":{"FIREBASE_CONFIG":"{\"projectId\":\"cifraprox-270126\",\"databaseURL\":\"https://cifraprox-270126-default-rtdb.firebaseio.com\",\"storageBucket\":\"cifraprox-270126.firebasestorage.app\"}","GCLOUD_PROJECT":"cifraprox-270126","EVENTARC_CLOUD_EVENT_SOURCE":"projects/cifraprox-270126/locations/us-central1/functions/app"},"runtime":"nodejs22","buildId":"c7aa05d2-0580-48c9-87d9-c7c4428ca909","buildEnvironmentVariables":{"GOOGLE_NODE_RUN_SCRIPTS":""},"buildName":"projects/901280078984/locations/us-central1/builds/c7aa05d2-0580-48c9-87d9-c7c4428ca909","dockerRegistry":"ARTIFACT_REGISTRY","automaticUpdatePolicy":{},"buildServiceAccount":"projects/cifraprox-270126/serviceAccounts/901280078984-compute@developer.gserviceaccount.com"},"versionId":"2","updateTime":"2026-02-10T05:42:52Z"}}
[debug] [2026-02-10T05:42:49.758Z] Checked if tokens are valid: true, expires at: 1770704990266
[debug] [2026-02-10T05:42:49.758Z] Checked if tokens are valid: true, expires at: 1770704990266
[debug] [2026-02-10T05:42:49.759Z] >>> [apiv2][query] GET https://cloudfunctions.googleapis.com/v1/operations/Y2lmcmFwcm94LTI3MDEyNi91cy1jZW50cmFsMS9hcHAvSGdXV3I1UmZGR2M [none]
[debug] [2026-02-10T05:42:50.294Z] <<< [apiv2][status] GET https://cloudfunctions.googleapis.com/v1/operations/Y2lmcmFwcm94LTI3MDEyNi91cy1jZW50cmFsMS9hcHAvSGdXV3I1UmZGR2M 200
[debug] [2026-02-10T05:42:50.294Z] <<< [apiv2][body] GET https://cloudfunctions.googleapis.com/v1/operations/Y2lmcmFwcm94LTI3MDEyNi91cy1jZW50cmFsMS9hcHAvSGdXV3I1UmZGR2M {"name":"operations/Y2lmcmFwcm94LTI3MDEyNi91cy1jZW50cmFsMS9hcHAvSGdXV3I1UmZGR2M","metadata":{"@type":"type.googleapis.com/google.cloud.functions.v1.OperationMetadataV1","target":"projects/cifraprox-270126/locations/us-central1/functions/app","type":"UPDATE_FUNCTION","request":{"@type":"type.googleapis.com/google.cloud.functions.v1.CloudFunction","name":"projects/cifraprox-270126/locations/us-central1/functions/app","httpsTrigger":{"url":"https://us-central1-cifraprox-270126.cloudfunctions.net/app","securityLevel":"SECURE_ALWAYS"},"status":"OFFLINE","entryPoint":"app","updateTime":"2026-02-10T05:39:48.822Z","versionId":"1","labels":{"deployment-tool":"cli-firebase","firebase-functions-hash":"115868b3dec180fec478cd21196b8a90621e5b02"},"sourceUploadUrl":"https://storage.googleapis.com/uploads-819692462994.us-central1.cloudfunctions.appspot.com/3511391c-8704-4660-8c70-4ce72d704a29.zip?GoogleAccessId=service-901280078984@gcf-admin-robot.iam.gserviceaccount.com&Expires=1770703971&Signature=CnTQzOw7Ckex%2FyJ6rwL7uZz0lW3s1Fy2nXw2TNLws%2FyfYiFxYD8fNnNmvOMk%2BbXmEbz6LX5nQAK3oL446ZrsFqflimDNMr1Kd4qbXSrPM8FxyFG%2F%2BrjfxMc8dn43LYE2R%2Fp4A6PYCA8K%2BasG6miamD8G%2FdBXmHOWPryGRom1r9R3JZCqOHvdwlbnV1B5A5Xxmyrb4hFaK6VijZ4dh%2FiuG14A%2B%2BWcl%2FB9FuoDZnxUv564JkR0On78KaY2QBQXem2wx%2BlWez5xYL5oFfP5s0YlQQca6XBHuoWTiDll7yDLU2OLpO%2B8s22P5wuzXiieNPPVA3jH5e6S9pSfvLdE2jHHCg%3D%3D","environmentVariables":{"FIREBASE_CONFIG":"{\"projectId\":\"cifraprox-270126\",\"databaseURL\":\"https://cifraprox-270126-default-rtdb.firebaseio.com\",\"storageBucket\":\"cifraprox-270126.firebasestorage.app\"}","GCLOUD_PROJECT":"cifraprox-270126","EVENTARC_CLOUD_EVENT_SOURCE":"projects/cifraprox-270126/locations/us-central1/functions/app"},"runtime":"nodejs22","buildId":"c7aa05d2-0580-48c9-87d9-c7c4428ca909","buildEnvironmentVariables":{"GOOGLE_NODE_RUN_SCRIPTS":""},"buildName":"projects/901280078984/locations/us-central1/builds/c7aa05d2-0580-48c9-87d9-c7c4428ca909","dockerRegistry":"ARTIFACT_REGISTRY","automaticUpdatePolicy":{},"buildServiceAccount":"projects/cifraprox-270126/serviceAccounts/901280078984-compute@developer.gserviceaccount.com"},"versionId":"2","updateTime":"2026-02-10T05:42:53Z"}}
[debug] [2026-02-10T05:42:50.811Z] [update-default-us-central1-app] Retrying task index 0
[debug] [2026-02-10T05:42:50.811Z] Checked if tokens are valid: true, expires at: 1770704990266
[debug] [2026-02-10T05:42:50.812Z] Checked if tokens are valid: true, expires at: 1770704990266
[debug] [2026-02-10T05:42:50.812Z] >>> [apiv2][query] GET https://cloudfunctions.googleapis.com/v1/operations/Y2lmcmFwcm94LTI3MDEyNi91cy1jZW50cmFsMS9hcHAvSGdXV3I1UmZGR2M [none]
[debug] [2026-02-10T05:42:51.382Z] <<< [apiv2][status] GET https://cloudfunctions.googleapis.com/v1/operations/Y2lmcmFwcm94LTI3MDEyNi91cy1jZW50cmFsMS9hcHAvSGdXV3I1UmZGR2M 200
[debug] [2026-02-10T05:42:51.383Z] <<< [apiv2][body] GET https://cloudfunctions.googleapis.com/v1/operations/Y2lmcmFwcm94LTI3MDEyNi91cy1jZW50cmFsMS9hcHAvSGdXV3I1UmZGR2M {"name":"operations/Y2lmcmFwcm94LTI3MDEyNi91cy1jZW50cmFsMS9hcHAvSGdXV3I1UmZGR2M","metadata":{"@type":"type.googleapis.com/google.cloud.functions.v1.OperationMetadataV1","target":"projects/cifraprox-270126/locations/us-central1/functions/app","type":"UPDATE_FUNCTION","request":{"@type":"type.googleapis.com/google.cloud.functions.v1.CloudFunction","name":"projects/cifraprox-270126/locations/us-central1/functions/app","httpsTrigger":{"url":"https://us-central1-cifraprox-270126.cloudfunctions.net/app","securityLevel":"SECURE_ALWAYS"},"status":"OFFLINE","entryPoint":"app","updateTime":"2026-02-10T05:39:48.822Z","versionId":"1","labels":{"deployment-tool":"cli-firebase","firebase-functions-hash":"115868b3dec180fec478cd21196b8a90621e5b02"},"sourceUploadUrl":"https://storage.googleapis.com/uploads-819692462994.us-central1.cloudfunctions.appspot.com/3511391c-8704-4660-8c70-4ce72d704a29.zip?GoogleAccessId=service-901280078984@gcf-admin-robot.iam.gserviceaccount.com&Expires=1770703971&Signature=CnTQzOw7Ckex%2FyJ6rwL7uZz0lW3s1Fy2nXw2TNLws%2FyfYiFxYD8fNnNmvOMk%2BbXmEbz6LX5nQAK3oL446ZrsFqflimDNMr1Kd4qbXSrPM8FxyFG%2F%2BrjfxMc8dn43LYE2R%2Fp4A6PYCA8K%2BasG6miamD8G%2FdBXmHOWPryGRom1r9R3JZCqOHvdwlbnV1B5A5Xxmyrb4hFaK6VijZ4dh%2FiuG14A%2B%2BWcl%2FB9FuoDZnxUv564JkR0On78KaY2QBQXem2wx%2BlWez5xYL5oFfP5s0YlQQca6XBHuoWTiDll7yDLU2OLpO%2B8s22P5wuzXiieNPPVA3jH5e6S9pSfvLdE2jHHCg%3D%3D","environmentVariables":{"FIREBASE_CONFIG":"{\"projectId\":\"cifraprox-270126\",\"databaseURL\":\"https://cifraprox-270126-default-rtdb.firebaseio.com\",\"storageBucket\":\"cifraprox-270126.firebasestorage.app\"}","GCLOUD_PROJECT":"cifraprox-270126","EVENTARC_CLOUD_EVENT_SOURCE":"projects/cifraprox-270126/locations/us-central1/functions/app"},"runtime":"nodejs22","buildId":"c7aa05d2-0580-48c9-87d9-c7c4428ca909","buildEnvironmentVariables":{"GOOGLE_NODE_RUN_SCRIPTS":""},"buildName":"projects/901280078984/locations/us-central1/builds/c7aa05d2-0580-48c9-87d9-c7c4428ca909","dockerRegistry":"ARTIFACT_REGISTRY","automaticUpdatePolicy":{},"buildServiceAccount":"projects/cifraprox-270126/serviceAccounts/901280078984-compute@developer.gserviceaccount.com"},"versionId":"2","updateTime":"2026-02-10T05:42:53Z","buildId":"0fb28d4f-4c8c-4de9-9e1e-16cf546e0f3d","buildName":"projects/901280078984/locations/us-central1/builds/0fb28d4f-4c8c-4de9-9e1e-16cf546e0f3d"}}
[debug] [2026-02-10T05:42:52.398Z] [update-default-us-central1-app] Retrying task index 0
[debug] [2026-02-10T05:42:52.398Z] Checked if tokens are valid: true, expires at: 1770704990266
[debug] [2026-02-10T05:42:52.399Z] Checked if tokens are valid: true, expires at: 1770704990266
[debug] [2026-02-10T05:42:52.399Z] >>> [apiv2][query] GET https://cloudfunctions.googleapis.com/v1/operations/Y2lmcmFwcm94LTI3MDEyNi91cy1jZW50cmFsMS9hcHAvSGdXV3I1UmZGR2M [none]
[debug] [2026-02-10T05:42:52.758Z] <<< [apiv2][status] GET https://cloudfunctions.googleapis.com/v1/operations/Y2lmcmFwcm94LTI3MDEyNi91cy1jZW50cmFsMS9hcHAvSGdXV3I1UmZGR2M 200
[debug] [2026-02-10T05:42:52.758Z] <<< [apiv2][body] GET https://cloudfunctions.googleapis.com/v1/operations/Y2lmcmFwcm94LTI3MDEyNi91cy1jZW50cmFsMS9hcHAvSGdXV3I1UmZGR2M {"name":"operations/Y2lmcmFwcm94LTI3MDEyNi91cy1jZW50cmFsMS9hcHAvSGdXV3I1UmZGR2M","metadata":{"@type":"type.googleapis.com/google.cloud.functions.v1.OperationMetadataV1","target":"projects/cifraprox-270126/locations/us-central1/functions/app","type":"UPDATE_FUNCTION","request":{"@type":"type.googleapis.com/google.cloud.functions.v1.CloudFunction","name":"projects/cifraprox-270126/locations/us-central1/functions/app","httpsTrigger":{"url":"https://us-central1-cifraprox-270126.cloudfunctions.net/app","securityLevel":"SECURE_ALWAYS"},"status":"OFFLINE","entryPoint":"app","updateTime":"2026-02-10T05:39:48.822Z","versionId":"1","labels":{"deployment-tool":"cli-firebase","firebase-functions-hash":"115868b3dec180fec478cd21196b8a90621e5b02"},"sourceUploadUrl":"https://storage.googleapis.com/uploads-819692462994.us-central1.cloudfunctions.appspot.com/3511391c-8704-4660-8c70-4ce72d704a29.zip?GoogleAccessId=service-901280078984@gcf-admin-robot.iam.gserviceaccount.com&Expires=1770703971&Signature=CnTQzOw7Ckex%2FyJ6rwL7uZz0lW3s1Fy2nXw2TNLws%2FyfYiFxYD8fNnNmvOMk%2BbXmEbz6LX5nQAK3oL446ZrsFqflimDNMr1Kd4qbXSrPM8FxyFG%2F%2BrjfxMc8dn43LYE2R%2Fp4A6PYCA8K%2BasG6miamD8G%2FdBXmHOWPryGRom1r9R3JZCqOHvdwlbnV1B5A5Xxmyrb4hFaK6VijZ4dh%2FiuG14A%2B%2BWcl%2FB9FuoDZnxUv564JkR0On78KaY2QBQXem2wx%2BlWez5xYL5oFfP5s0YlQQca6XBHuoWTiDll7yDLU2OLpO%2B8s22P5wuzXiieNPPVA3jH5e6S9pSfvLdE2jHHCg%3D%3D","environmentVariables":{"FIREBASE_CONFIG":"{\"projectId\":\"cifraprox-270126\",\"databaseURL\":\"https://cifraprox-270126-default-rtdb.firebaseio.com\",\"storageBucket\":\"cifraprox-270126.firebasestorage.app\"}","GCLOUD_PROJECT":"cifraprox-270126","EVENTARC_CLOUD_EVENT_SOURCE":"projects/cifraprox-270126/locations/us-central1/functions/app"},"runtime":"nodejs22","buildId":"c7aa05d2-0580-48c9-87d9-c7c4428ca909","buildEnvironmentVariables":{"GOOGLE_NODE_RUN_SCRIPTS":""},"buildName":"projects/901280078984/locations/us-central1/builds/c7aa05d2-0580-48c9-87d9-c7c4428ca909","dockerRegistry":"ARTIFACT_REGISTRY","automaticUpdatePolicy":{},"buildServiceAccount":"projects/cifraprox-270126/serviceAccounts/901280078984-compute@developer.gserviceaccount.com"},"versionId":"2","updateTime":"2026-02-10T05:42:53Z","buildId":"0fb28d4f-4c8c-4de9-9e1e-16cf546e0f3d","buildName":"projects/901280078984/locations/us-central1/builds/0fb28d4f-4c8c-4de9-9e1e-16cf546e0f3d"}}
[debug] [2026-02-10T05:42:54.764Z] [update-default-us-central1-app] Retrying task index 0
[debug] [2026-02-10T05:42:54.765Z] Checked if tokens are valid: true, expires at: 1770704990266
[debug] [2026-02-10T05:42:54.765Z] Checked if tokens are valid: true, expires at: 1770704990266
[debug] [2026-02-10T05:42:54.765Z] >>> [apiv2][query] GET https://cloudfunctions.googleapis.com/v1/operations/Y2lmcmFwcm94LTI3MDEyNi91cy1jZW50cmFsMS9hcHAvSGdXV3I1UmZGR2M [none]
[debug] [2026-02-10T05:42:55.356Z] <<< [apiv2][status] GET https://cloudfunctions.googleapis.com/v1/operations/Y2lmcmFwcm94LTI3MDEyNi91cy1jZW50cmFsMS9hcHAvSGdXV3I1UmZGR2M 200
[debug] [2026-02-10T05:42:55.357Z] <<< [apiv2][body] GET https://cloudfunctions.googleapis.com/v1/operations/Y2lmcmFwcm94LTI3MDEyNi91cy1jZW50cmFsMS9hcHAvSGdXV3I1UmZGR2M {"name":"operations/Y2lmcmFwcm94LTI3MDEyNi91cy1jZW50cmFsMS9hcHAvSGdXV3I1UmZGR2M","metadata":{"@type":"type.googleapis.com/google.cloud.functions.v1.OperationMetadataV1","target":"projects/cifraprox-270126/locations/us-central1/functions/app","type":"UPDATE_FUNCTION","request":{"@type":"type.googleapis.com/google.cloud.functions.v1.CloudFunction","name":"projects/cifraprox-270126/locations/us-central1/functions/app","httpsTrigger":{"url":"https://us-central1-cifraprox-270126.cloudfunctions.net/app","securityLevel":"SECURE_ALWAYS"},"status":"OFFLINE","entryPoint":"app","updateTime":"2026-02-10T05:39:48.822Z","versionId":"1","labels":{"deployment-tool":"cli-firebase","firebase-functions-hash":"115868b3dec180fec478cd21196b8a90621e5b02"},"sourceUploadUrl":"https://storage.googleapis.com/uploads-819692462994.us-central1.cloudfunctions.appspot.com/3511391c-8704-4660-8c70-4ce72d704a29.zip?GoogleAccessId=service-901280078984@gcf-admin-robot.iam.gserviceaccount.com&Expires=1770703971&Signature=CnTQzOw7Ckex%2FyJ6rwL7uZz0lW3s1Fy2nXw2TNLws%2FyfYiFxYD8fNnNmvOMk%2BbXmEbz6LX5nQAK3oL446ZrsFqflimDNMr1Kd4qbXSrPM8FxyFG%2F%2BrjfxMc8dn43LYE2R%2Fp4A6PYCA8K%2BasG6miamD8G%2FdBXmHOWPryGRom1r9R3JZCqOHvdwlbnV1B5A5Xxmyrb4hFaK6VijZ4dh%2FiuG14A%2B%2BWcl%2FB9FuoDZnxUv564JkR0On78KaY2QBQXem2wx%2BlWez5xYL5oFfP5s0YlQQca6XBHuoWTiDll7yDLU2OLpO%2B8s22P5wuzXiieNPPVA3jH5e6S9pSfvLdE2jHHCg%3D%3D","environmentVariables":{"FIREBASE_CONFIG":"{\"projectId\":\"cifraprox-270126\",\"databaseURL\":\"https://cifraprox-270126-default-rtdb.firebaseio.com\",\"storageBucket\":\"cifraprox-270126.firebasestorage.app\"}","GCLOUD_PROJECT":"cifraprox-270126","EVENTARC_CLOUD_EVENT_SOURCE":"projects/cifraprox-270126/locations/us-central1/functions/app"},"runtime":"nodejs22","buildId":"c7aa05d2-0580-48c9-87d9-c7c4428ca909","buildEnvironmentVariables":{"GOOGLE_NODE_RUN_SCRIPTS":""},"buildName":"projects/901280078984/locations/us-central1/builds/c7aa05d2-0580-48c9-87d9-c7c4428ca909","dockerRegistry":"ARTIFACT_REGISTRY","automaticUpdatePolicy":{},"buildServiceAccount":"projects/cifraprox-270126/serviceAccounts/901280078984-compute@developer.gserviceaccount.com"},"versionId":"2","updateTime":"2026-02-10T05:42:53Z","buildId":"0fb28d4f-4c8c-4de9-9e1e-16cf546e0f3d","buildName":"projects/901280078984/locations/us-central1/builds/0fb28d4f-4c8c-4de9-9e1e-16cf546e0f3d"}}
[debug] [2026-02-10T05:42:59.363Z] [update-default-us-central1-app] Retrying task index 0
[debug] [2026-02-10T05:42:59.364Z] Checked if tokens are valid: true, expires at: 1770704990266
[debug] [2026-02-10T05:42:59.364Z] Checked if tokens are valid: true, expires at: 1770704990266
[debug] [2026-02-10T05:42:59.364Z] >>> [apiv2][query] GET https://cloudfunctions.googleapis.com/v1/operations/Y2lmcmFwcm94LTI3MDEyNi91cy1jZW50cmFsMS9hcHAvSGdXV3I1UmZGR2M [none]
[debug] [2026-02-10T05:42:59.650Z] <<< [apiv2][status] GET https://cloudfunctions.googleapis.com/v1/operations/Y2lmcmFwcm94LTI3MDEyNi91cy1jZW50cmFsMS9hcHAvSGdXV3I1UmZGR2M 200
[debug] [2026-02-10T05:42:59.650Z] <<< [apiv2][body] GET https://cloudfunctions.googleapis.com/v1/operations/Y2lmcmFwcm94LTI3MDEyNi91cy1jZW50cmFsMS9hcHAvSGdXV3I1UmZGR2M {"name":"operations/Y2lmcmFwcm94LTI3MDEyNi91cy1jZW50cmFsMS9hcHAvSGdXV3I1UmZGR2M","metadata":{"@type":"type.googleapis.com/google.cloud.functions.v1.OperationMetadataV1","target":"projects/cifraprox-270126/locations/us-central1/functions/app","type":"UPDATE_FUNCTION","request":{"@type":"type.googleapis.com/google.cloud.functions.v1.CloudFunction","name":"projects/cifraprox-270126/locations/us-central1/functions/app","httpsTrigger":{"url":"https://us-central1-cifraprox-270126.cloudfunctions.net/app","securityLevel":"SECURE_ALWAYS"},"status":"OFFLINE","entryPoint":"app","updateTime":"2026-02-10T05:39:48.822Z","versionId":"1","labels":{"deployment-tool":"cli-firebase","firebase-functions-hash":"115868b3dec180fec478cd21196b8a90621e5b02"},"sourceUploadUrl":"https://storage.googleapis.com/uploads-819692462994.us-central1.cloudfunctions.appspot.com/3511391c-8704-4660-8c70-4ce72d704a29.zip?GoogleAccessId=service-901280078984@gcf-admin-robot.iam.gserviceaccount.com&Expires=1770703971&Signature=CnTQzOw7Ckex%2FyJ6rwL7uZz0lW3s1Fy2nXw2TNLws%2FyfYiFxYD8fNnNmvOMk%2BbXmEbz6LX5nQAK3oL446ZrsFqflimDNMr1Kd4qbXSrPM8FxyFG%2F%2BrjfxMc8dn43LYE2R%2Fp4A6PYCA8K%2BasG6miamD8G%2FdBXmHOWPryGRom1r9R3JZCqOHvdwlbnV1B5A5Xxmyrb4hFaK6VijZ4dh%2FiuG14A%2B%2BWcl%2FB9FuoDZnxUv564JkR0On78KaY2QBQXem2wx%2BlWez5xYL5oFfP5s0YlQQca6XBHuoWTiDll7yDLU2OLpO%2B8s22P5wuzXiieNPPVA3jH5e6S9pSfvLdE2jHHCg%3D%3D","environmentVariables":{"FIREBASE_CONFIG":"{\"projectId\":\"cifraprox-270126\",\"databaseURL\":\"https://cifraprox-270126-default-rtdb.firebaseio.com\",\"storageBucket\":\"cifraprox-270126.firebasestorage.app\"}","GCLOUD_PROJECT":"cifraprox-270126","EVENTARC_CLOUD_EVENT_SOURCE":"projects/cifraprox-270126/locations/us-central1/functions/app"},"runtime":"nodejs22","buildId":"c7aa05d2-0580-48c9-87d9-c7c4428ca909","buildEnvironmentVariables":{"GOOGLE_NODE_RUN_SCRIPTS":""},"buildName":"projects/901280078984/locations/us-central1/builds/c7aa05d2-0580-48c9-87d9-c7c4428ca909","dockerRegistry":"ARTIFACT_REGISTRY","automaticUpdatePolicy":{},"buildServiceAccount":"projects/cifraprox-270126/serviceAccounts/901280078984-compute@developer.gserviceaccount.com"},"versionId":"2","updateTime":"2026-02-10T05:42:53Z","buildId":"0fb28d4f-4c8c-4de9-9e1e-16cf546e0f3d","buildName":"projects/901280078984/locations/us-central1/builds/0fb28d4f-4c8c-4de9-9e1e-16cf546e0f3d"}}
[debug] [2026-02-10T05:43:07.652Z] [update-default-us-central1-app] Retrying task index 0
[debug] [2026-02-10T05:43:07.652Z] Checked if tokens are valid: true, expires at: 1770704990266
[debug] [2026-02-10T05:43:07.652Z] Checked if tokens are valid: true, expires at: 1770704990266
[debug] [2026-02-10T05:43:07.652Z] >>> [apiv2][query] GET https://cloudfunctions.googleapis.com/v1/operations/Y2lmcmFwcm94LTI3MDEyNi91cy1jZW50cmFsMS9hcHAvSGdXV3I1UmZGR2M [none]
[debug] [2026-02-10T05:43:08.274Z] <<< [apiv2][status] GET https://cloudfunctions.googleapis.com/v1/operations/Y2lmcmFwcm94LTI3MDEyNi91cy1jZW50cmFsMS9hcHAvSGdXV3I1UmZGR2M 200
[debug] [2026-02-10T05:43:08.274Z] <<< [apiv2][body] GET https://cloudfunctions.googleapis.com/v1/operations/Y2lmcmFwcm94LTI3MDEyNi91cy1jZW50cmFsMS9hcHAvSGdXV3I1UmZGR2M {"name":"operations/Y2lmcmFwcm94LTI3MDEyNi91cy1jZW50cmFsMS9hcHAvSGdXV3I1UmZGR2M","metadata":{"@type":"type.googleapis.com/google.cloud.functions.v1.OperationMetadataV1","target":"projects/cifraprox-270126/locations/us-central1/functions/app","type":"UPDATE_FUNCTION","request":{"@type":"type.googleapis.com/google.cloud.functions.v1.CloudFunction","name":"projects/cifraprox-270126/locations/us-central1/functions/app","httpsTrigger":{"url":"https://us-central1-cifraprox-270126.cloudfunctions.net/app","securityLevel":"SECURE_ALWAYS"},"status":"OFFLINE","entryPoint":"app","updateTime":"2026-02-10T05:39:48.822Z","versionId":"1","labels":{"deployment-tool":"cli-firebase","firebase-functions-hash":"115868b3dec180fec478cd21196b8a90621e5b02"},"sourceUploadUrl":"https://storage.googleapis.com/uploads-819692462994.us-central1.cloudfunctions.appspot.com/3511391c-8704-4660-8c70-4ce72d704a29.zip?GoogleAccessId=service-901280078984@gcf-admin-robot.iam.gserviceaccount.com&Expires=1770703971&Signature=CnTQzOw7Ckex%2FyJ6rwL7uZz0lW3s1Fy2nXw2TNLws%2FyfYiFxYD8fNnNmvOMk%2BbXmEbz6LX5nQAK3oL446ZrsFqflimDNMr1Kd4qbXSrPM8FxyFG%2F%2BrjfxMc8dn43LYE2R%2Fp4A6PYCA8K%2BasG6miamD8G%2FdBXmHOWPryGRom1r9R3JZCqOHvdwlbnV1B5A5Xxmyrb4hFaK6VijZ4dh%2FiuG14A%2B%2BWcl%2FB9FuoDZnxUv564JkR0On78KaY2QBQXem2wx%2BlWez5xYL5oFfP5s0YlQQca6XBHuoWTiDll7yDLU2OLpO%2B8s22P5wuzXiieNPPVA3jH5e6S9pSfvLdE2jHHCg%3D%3D","environmentVariables":{"FIREBASE_CONFIG":"{\"projectId\":\"cifraprox-270126\",\"databaseURL\":\"https://cifraprox-270126-default-rtdb.firebaseio.com\",\"storageBucket\":\"cifraprox-270126.firebasestorage.app\"}","GCLOUD_PROJECT":"cifraprox-270126","EVENTARC_CLOUD_EVENT_SOURCE":"projects/cifraprox-270126/locations/us-central1/functions/app"},"runtime":"nodejs22","buildId":"c7aa05d2-0580-48c9-87d9-c7c4428ca909","buildEnvironmentVariables":{"GOOGLE_NODE_RUN_SCRIPTS":""},"buildName":"projects/901280078984/locations/us-central1/builds/c7aa05d2-0580-48c9-87d9-c7c4428ca909","dockerRegistry":"ARTIFACT_REGISTRY","automaticUpdatePolicy":{},"buildServiceAccount":"projects/cifraprox-270126/serviceAccounts/901280078984-compute@developer.gserviceaccount.com"},"versionId":"2","updateTime":"2026-02-10T05:42:53Z","buildId":"0fb28d4f-4c8c-4de9-9e1e-16cf546e0f3d","buildName":"projects/901280078984/locations/us-central1/builds/0fb28d4f-4c8c-4de9-9e1e-16cf546e0f3d"}}
[debug] [2026-02-10T05:43:18.278Z] [update-default-us-central1-app] Retrying task index 0
[debug] [2026-02-10T05:43:18.279Z] Checked if tokens are valid: true, expires at: 1770704990266
[debug] [2026-02-10T05:43:18.279Z] Checked if tokens are valid: true, expires at: 1770704990266
[debug] [2026-02-10T05:43:18.279Z] >>> [apiv2][query] GET https://cloudfunctions.googleapis.com/v1/operations/Y2lmcmFwcm94LTI3MDEyNi91cy1jZW50cmFsMS9hcHAvSGdXV3I1UmZGR2M [none]
[debug] [2026-02-10T05:43:18.944Z] <<< [apiv2][status] GET https://cloudfunctions.googleapis.com/v1/operations/Y2lmcmFwcm94LTI3MDEyNi91cy1jZW50cmFsMS9hcHAvSGdXV3I1UmZGR2M 200
[debug] [2026-02-10T05:43:18.944Z] <<< [apiv2][body] GET https://cloudfunctions.googleapis.com/v1/operations/Y2lmcmFwcm94LTI3MDEyNi91cy1jZW50cmFsMS9hcHAvSGdXV3I1UmZGR2M {"name":"operations/Y2lmcmFwcm94LTI3MDEyNi91cy1jZW50cmFsMS9hcHAvSGdXV3I1UmZGR2M","metadata":{"@type":"type.googleapis.com/google.cloud.functions.v1.OperationMetadataV1","target":"projects/cifraprox-270126/locations/us-central1/functions/app","type":"UPDATE_FUNCTION","request":{"@type":"type.googleapis.com/google.cloud.functions.v1.CloudFunction","name":"projects/cifraprox-270126/locations/us-central1/functions/app","httpsTrigger":{"url":"https://us-central1-cifraprox-270126.cloudfunctions.net/app","securityLevel":"SECURE_ALWAYS"},"status":"OFFLINE","entryPoint":"app","updateTime":"2026-02-10T05:39:48.822Z","versionId":"1","labels":{"deployment-tool":"cli-firebase","firebase-functions-hash":"115868b3dec180fec478cd21196b8a90621e5b02"},"sourceUploadUrl":"https://storage.googleapis.com/uploads-819692462994.us-central1.cloudfunctions.appspot.com/3511391c-8704-4660-8c70-4ce72d704a29.zip?GoogleAccessId=service-901280078984@gcf-admin-robot.iam.gserviceaccount.com&Expires=1770703971&Signature=CnTQzOw7Ckex%2FyJ6rwL7uZz0lW3s1Fy2nXw2TNLws%2FyfYiFxYD8fNnNmvOMk%2BbXmEbz6LX5nQAK3oL446ZrsFqflimDNMr1Kd4qbXSrPM8FxyFG%2F%2BrjfxMc8dn43LYE2R%2Fp4A6PYCA8K%2BasG6miamD8G%2FdBXmHOWPryGRom1r9R3JZCqOHvdwlbnV1B5A5Xxmyrb4hFaK6VijZ4dh%2FiuG14A%2B%2BWcl%2FB9FuoDZnxUv564JkR0On78KaY2QBQXem2wx%2BlWez5xYL5oFfP5s0YlQQca6XBHuoWTiDll7yDLU2OLpO%2B8s22P5wuzXiieNPPVA3jH5e6S9pSfvLdE2jHHCg%3D%3D","environmentVariables":{"FIREBASE_CONFIG":"{\"projectId\":\"cifraprox-270126\",\"databaseURL\":\"https://cifraprox-270126-default-rtdb.firebaseio.com\",\"storageBucket\":\"cifraprox-270126.firebasestorage.app\"}","GCLOUD_PROJECT":"cifraprox-270126","EVENTARC_CLOUD_EVENT_SOURCE":"projects/cifraprox-270126/locations/us-central1/functions/app"},"runtime":"nodejs22","buildId":"c7aa05d2-0580-48c9-87d9-c7c4428ca909","buildEnvironmentVariables":{"GOOGLE_NODE_RUN_SCRIPTS":""},"buildName":"projects/901280078984/locations/us-central1/builds/c7aa05d2-0580-48c9-87d9-c7c4428ca909","dockerRegistry":"ARTIFACT_REGISTRY","automaticUpdatePolicy":{},"buildServiceAccount":"projects/cifraprox-270126/serviceAccounts/901280078984-compute@developer.gserviceaccount.com"},"versionId":"2","updateTime":"2026-02-10T05:42:53Z","buildId":"0fb28d4f-4c8c-4de9-9e1e-16cf546e0f3d","buildName":"projects/901280078984/locations/us-central1/builds/0fb28d4f-4c8c-4de9-9e1e-16cf546e0f3d"}}
[debug] [2026-02-10T05:43:28.947Z] [update-default-us-central1-app] Retrying task index 0
[debug] [2026-02-10T05:43:28.948Z] Checked if tokens are valid: true, expires at: 1770704990266
[debug] [2026-02-10T05:43:28.948Z] Checked if tokens are valid: true, expires at: 1770704990266
[debug] [2026-02-10T05:43:28.948Z] >>> [apiv2][query] GET https://cloudfunctions.googleapis.com/v1/operations/Y2lmcmFwcm94LTI3MDEyNi91cy1jZW50cmFsMS9hcHAvSGdXV3I1UmZGR2M [none]
[debug] [2026-02-10T05:43:29.332Z] <<< [apiv2][status] GET https://cloudfunctions.googleapis.com/v1/operations/Y2lmcmFwcm94LTI3MDEyNi91cy1jZW50cmFsMS9hcHAvSGdXV3I1UmZGR2M 200
[debug] [2026-02-10T05:43:29.332Z] <<< [apiv2][body] GET https://cloudfunctions.googleapis.com/v1/operations/Y2lmcmFwcm94LTI3MDEyNi91cy1jZW50cmFsMS9hcHAvSGdXV3I1UmZGR2M {"name":"operations/Y2lmcmFwcm94LTI3MDEyNi91cy1jZW50cmFsMS9hcHAvSGdXV3I1UmZGR2M","metadata":{"@type":"type.googleapis.com/google.cloud.functions.v1.OperationMetadataV1","target":"projects/cifraprox-270126/locations/us-central1/functions/app","type":"UPDATE_FUNCTION","request":{"@type":"type.googleapis.com/google.cloud.functions.v1.CloudFunction","name":"projects/cifraprox-270126/locations/us-central1/functions/app","httpsTrigger":{"url":"https://us-central1-cifraprox-270126.cloudfunctions.net/app","securityLevel":"SECURE_ALWAYS"},"status":"OFFLINE","entryPoint":"app","updateTime":"2026-02-10T05:39:48.822Z","versionId":"1","labels":{"deployment-tool":"cli-firebase","firebase-functions-hash":"115868b3dec180fec478cd21196b8a90621e5b02"},"sourceUploadUrl":"https://storage.googleapis.com/uploads-819692462994.us-central1.cloudfunctions.appspot.com/3511391c-8704-4660-8c70-4ce72d704a29.zip?GoogleAccessId=service-901280078984@gcf-admin-robot.iam.gserviceaccount.com&Expires=1770703971&Signature=CnTQzOw7Ckex%2FyJ6rwL7uZz0lW3s1Fy2nXw2TNLws%2FyfYiFxYD8fNnNmvOMk%2BbXmEbz6LX5nQAK3oL446ZrsFqflimDNMr1Kd4qbXSrPM8FxyFG%2F%2BrjfxMc8dn43LYE2R%2Fp4A6PYCA8K%2BasG6miamD8G%2FdBXmHOWPryGRom1r9R3JZCqOHvdwlbnV1B5A5Xxmyrb4hFaK6VijZ4dh%2FiuG14A%2B%2BWcl%2FB9FuoDZnxUv564JkR0On78KaY2QBQXem2wx%2BlWez5xYL5oFfP5s0YlQQca6XBHuoWTiDll7yDLU2OLpO%2B8s22P5wuzXiieNPPVA3jH5e6S9pSfvLdE2jHHCg%3D%3D","environmentVariables":{"FIREBASE_CONFIG":"{\"projectId\":\"cifraprox-270126\",\"databaseURL\":\"https://cifraprox-270126-default-rtdb.firebaseio.com\",\"storageBucket\":\"cifraprox-270126.firebasestorage.app\"}","GCLOUD_PROJECT":"cifraprox-270126","EVENTARC_CLOUD_EVENT_SOURCE":"projects/cifraprox-270126/locations/us-central1/functions/app"},"runtime":"nodejs22","buildId":"c7aa05d2-0580-48c9-87d9-c7c4428ca909","buildEnvironmentVariables":{"GOOGLE_NODE_RUN_SCRIPTS":""},"buildName":"projects/901280078984/locations/us-central1/builds/c7aa05d2-0580-48c9-87d9-c7c4428ca909","dockerRegistry":"ARTIFACT_REGISTRY","automaticUpdatePolicy":{},"buildServiceAccount":"projects/cifraprox-270126/serviceAccounts/901280078984-compute@developer.gserviceaccount.com"},"versionId":"2","updateTime":"2026-02-10T05:43:29Z","buildId":"0fb28d4f-4c8c-4de9-9e1e-16cf546e0f3d","buildName":"projects/901280078984/locations/us-central1/builds/0fb28d4f-4c8c-4de9-9e1e-16cf546e0f3d"},"done":true,"error":{"code":3,"message":"Build failed: npm error code EUSAGE\nnpm error\nnpm error `npm ci` can only install packages when your package.json and package-lock.json or npm-shrinkwrap.json are in sync. Please update your lock file with `npm install` before continuing.\nnpm error\nnpm error Missing: acorn@8.15.0 from lock file\nnpm error Missing: @types/markdown-it@14.1.2 from lock file\nnpm error Missing: markdown-it@14.1.0 from lock file\nnpm error\nnpm error Clean install a project\nnpm error\nnpm error Usage:\nnpm error npm ci\nnpm error\nnpm error Options:\nnpm error [--install-strategy <hoisted|nested|shallow|linked>] [--legacy-bundling]\nnpm error [--global-style] [--omit <dev|optional|peer> [--omit <dev|optional|peer> ...]]\nnpm error [--include <prod|dev|optional|peer> [--include <prod|dev|optional|peer> ...]]\nnpm error [--strict-peer-deps] [--foreground-scripts] [--ignore-scripts] [--no-audit]\nnpm error [--no-bin-links] [--no-fund] [--dry-run]\nnpm error [-w|--workspace <workspace-name> [-w|--workspace <workspace-name> ...]]\nnpm error [-ws|--workspaces] [--include-workspace-root] [--install-links]\nnpm error\nnpm error aliases: clean-install, ic, install-clean, isntall-clean\nnpm error\nnpm error Run \"npm help ci\" for more info\nnpm error A complete log of this run can be found in: /www-data-home/.npm/_logs/2026-02-10T05_43_16_878Z-debug-0.log; Error ID: 7fa33aaa"}}
[debug] [2026-02-10T05:43:29.332Z] Got source token undefined for region us-central1
[error] Build failed: npm error code EUSAGE
npm error
npm error `npm ci` can only install packages when your package.json and package-lock.json or npm-shrinkwrap.json are in sync. Please update your lock file with `npm install` before continuing.
npm error
npm error Missing: acorn@8.15.0 from lock file
npm error Missing: @types/markdown-it@14.1.2 from lock file
npm error Missing: markdown-it@14.1.0 from lock file
npm error
npm error Clean install a project
npm error
npm error Usage:
npm error npm ci
npm error
npm error Options:
npm error [--install-strategy <hoisted|nested|shallow|linked>] [--legacy-bundling]
npm error [--global-style] [--omit <dev|optional|peer> [--omit <dev|optional|peer> ...]]
npm error [--include <prod|dev|optional|peer> [--include <prod|dev|optional|peer> ...]]
npm error [--strict-peer-deps] [--foreground-scripts] [--ignore-scripts] [--no-audit]
npm error [--no-bin-links] [--no-fund] [--dry-run]
npm error [-w|--workspace <workspace-name> [-w|--workspace <workspace-name> ...]]
npm error [-ws|--workspaces] [--include-workspace-root] [--install-links]
npm error
npm error aliases: clean-install, ic, install-clean, isntall-clean
npm error
npm error Run "npm help ci" for more info
npm error A complete log of this run can be found in: /www-data-home/.npm/_logs/2026-02-10T05_43_16_878Z-debug-0.log; Error ID: 7fa33aaa
[debug] [2026-02-10T05:43:29.340Z] Total Function Deployment time: 40489
[debug] [2026-02-10T05:43:29.341Z] 1 Functions Deployed
[debug] [2026-02-10T05:43:29.341Z] 1 Functions Errored
[debug] [2026-02-10T05:43:29.341Z] 0 Function Deployments Aborted
[debug] [2026-02-10T05:43:29.341Z] Average Function Deployment time: 40488
[info] 
[info] Functions deploy had errors with the following functions:
	app(us-central1)
[debug] [2026-02-10T05:43:29.512Z] Not printing URL for HTTPS function. Typically this means it didn't match a filter or we failed deployment
[debug] [2026-02-10T05:43:29.512Z] Checked if tokens are valid: true, expires at: 1770704990266
[debug] [2026-02-10T05:43:29.512Z] Checked if tokens are valid: true, expires at: 1770704990266
[debug] [2026-02-10T05:43:29.513Z] >>> [apiv2][query] GET https://artifactregistry.googleapis.com/v1/projects/cifraprox-270126/locations/us-central1/repositories/gcf-artifacts [none]
[debug] [2026-02-10T05:43:30.636Z] <<< [apiv2][status] GET https://artifactregistry.googleapis.com/v1/projects/cifraprox-270126/locations/us-central1/repositories/gcf-artifacts 200
[debug] [2026-02-10T05:43:30.637Z] <<< [apiv2][body] GET https://artifactregistry.googleapis.com/v1/projects/cifraprox-270126/locations/us-central1/repositories/gcf-artifacts {"name":"projects/cifraprox-270126/locations/us-central1/repositories/gcf-artifacts","format":"DOCKER","description":"This repository is created and used by Cloud Functions for storing function docker images.","labels":{"goog-managed-by":"cloudfunctions"},"createTime":"2026-02-10T05:39:09.326337Z","updateTime":"2026-02-10T05:39:09.326337Z","mode":"STANDARD_REPOSITORY","vulnerabilityScanningConfig":{"lastEnableTime":"2026-02-10T05:39:01.093891431Z","enablementState":"SCANNING_DISABLED","enablementStateReason":"API containerscanning.googleapis.com is not enabled."},"satisfiesPzi":true,"registryUri":"us-central1-docker.pkg.dev/cifraprox-270126/gcf-artifacts"}
[warn] !  functions: No cleanup policy detected for repositories in us-central1. This may result in a small monthly bill as container images accumulate over time. 
